[TEST] Creando ventana de prueba...
[TEST] Mostrando ventana...
